// Vitest Snapshot v1, https://vitest.dev/guide/snapshot.html

exports[`Design Tokens Deprecated Snapshot (Phase2) > 현재 Deprecated 토큰 목록이 스냅샷과 일치 1`] = `
[
  "--xeg-active-ring",
  "--xeg-active-ring-color",
  "--xeg-active-ring-width",
  "--xeg-active-shadow",
  "--xeg-animation-focus-duration",
  "--xeg-animation-hover-duration",
  "--xeg-blur-extra-strong",
  "--xeg-breakpoint-2xl",
  "--xeg-breakpoint-lg",
  "--xeg-breakpoint-md",
  "--xeg-breakpoint-sm",
  "--xeg-breakpoint-xl",
  "--xeg-button-size",
  "--xeg-button-size-sm",
  "--xeg-color-error-100",
  "--xeg-color-error-200",
  "--xeg-color-error-300",
  "--xeg-color-error-400",
  "--xeg-color-error-50",
  "--xeg-color-error-600",
  "--xeg-color-error-700",
  "--xeg-color-error-800",
  "--xeg-color-error-900",
  "--xeg-color-error-950",
  "--xeg-color-error-alpha-08",
  "--xeg-color-error-alpha-30",
  "--xeg-color-success-500",
  "--xeg-color-success-800",
  "--xeg-color-success-900",
  "--xeg-color-success-950",
  "--xeg-color-success-alpha-08",
  "--xeg-color-surface-inset",
  "--xeg-color-warning-100",
  "--xeg-color-warning-200",
  "--xeg-color-warning-300",
  "--xeg-color-warning-400",
  "--xeg-color-warning-50",
  "--xeg-color-warning-600",
  "--xeg-color-warning-700",
  "--xeg-color-warning-800",
  "--xeg-color-warning-900",
  "--xeg-color-warning-950",
  "--xeg-color-warning-alpha-08",
  "--xeg-container-max-width",
  "--xeg-container-min-width",
  "--xeg-font-size-3xl",
  "--xeg-gallery-backdrop",
  "--xeg-gallery-backdrop-filter",
  "--xeg-gallery-shadow",
  "--xeg-gap-2xl",
  "--xeg-gap-lg",
  "--xeg-glass-bg-dark",
  "--xeg-glass-bg-light",
  "--xeg-glass-bg-medium",
  "--xeg-glass-bg-translucent-dark",
  "--xeg-glass-bg-translucent-light",
  "--xeg-glass-bg-translucent-medium",
  "--xeg-glass-bg-translucent-ultra-light",
  "--xeg-glass-bg-ultra-light",
  "--xeg-media-glass-bg",
  "--xeg-media-glass-bg-light",
  "--xeg-media-glass-bg-medium",
  "--xeg-overlay-mix-primary",
  "--xeg-overlay-mix-secondary",
  "--xeg-spacing-4xl",
  "--xeg-spacing-5xl",
  "--xeg-spacing-6xl",
  "--xeg-toolbar-button-bg-danger",
  "--xeg-toolbar-button-bg-primary",
  "--xeg-toolbar-button-bg-secondary",
  "--xeg-toolbar-button-border-danger",
  "--xeg-toolbar-button-border-primary",
  "--xeg-toolbar-button-border-secondary",
  "--xeg-toolbar-button-height-lg",
  "--xeg-toolbar-button-height-md",
  "--xeg-toolbar-button-height-sm",
  "--xeg-toolbar-button-icon-lg",
  "--xeg-toolbar-button-icon-md",
  "--xeg-toolbar-button-icon-sm",
  "--xeg-toolbar-button-min-touch-target",
  "--xeg-toolbar-button-padding-lg",
  "--xeg-toolbar-button-padding-md",
  "--xeg-toolbar-button-padding-sm",
  "--xeg-toolbar-button-width-lg",
  "--xeg-toolbar-button-width-md",
  "--xeg-toolbar-button-width-sm",
]
`;
