
> xcom-enhanced-gallery@0.2.4 pretest
> node ./scripts/pretest-hook.mjs

[pretest-hook] Build up-to-date. Skipping build.

> xcom-enhanced-gallery@0.2.4 test
> vitest run vertical-video-item.contract


[1m[46m RUN [49m[22m [36mv3.2.4 [39m[90mC:/git/xcom-enhanced-gallery[39m

[90mstdout[2m | test/features/gallery/vertical-video-item.contract.test.tsx
[22m[39m[XEG] [DEBUG] Language changed to: en

[90mstdout[2m | test/features/gallery/vertical-video-item.contract.test.tsx
[22m[39m[XEG] [DEBUG] StaticVendorManager: Solid-only instance created

[90mstdout[2m | test/features/gallery/vertical-video-item.contract.test.tsx[2m > [22m[2mVerticalVideoItem Contract (TDD RED)[2m > [22m[2m?뚮뜑留?怨꾩빟[2m > [22m[2m鍮꾨뵒??URL??二쇱뼱吏硫?video ?붿냼瑜??뚮뜑留곹븳??[22m[39m[XEG] [DEBUG] Language changed to: en

stderr | test/features/gallery/vertical-video-item.contract.test.tsx > VerticalVideoItem Contract (TDD RED) > ?뚮뜑留?怨꾩빟 > 鍮꾨뵒??URL??二쇱뼱吏硫?video ?붿냼瑜??뚮뜑留곹븳??[XEG] [WARN] StaticVendorManager accessed before initialization ??performing lazy init

[90mstdout[2m | test/features/gallery/vertical-video-item.contract.test.tsx[2m > [22m[2mVerticalVideoItem Contract (TDD RED)[2m > [22m[2m?뚮뜑留?怨꾩빟[2m > [22m[2m鍮꾨뵒??URL??二쇱뼱吏硫?video ?붿냼瑜??뚮뜑留곹븳??[22m[39m[XEG] [DEBUG] ??Solid vendor validation complete
[XEG] [DEBUG] ??Solid vendor APIs cached

[90mstdout[2m | test/features/gallery/vertical-video-item.contract.test.tsx[2m > [22m[2mVerticalVideoItem Contract (TDD RED)[2m > [22m[2m?뚮뜑留?怨꾩빟[2m > [22m[2m鍮꾨뵒???붿냼???곸젅??ARIA ?띿꽦???ㅼ젙?쒕떎
[22m[39m[XEG] [DEBUG] Language changed to: en

[90mstdout[2m | test/features/gallery/vertical-video-item.contract.test.tsx[2m > [22m[2mVerticalVideoItem Contract (TDD RED)[2m > [22m[2m?ъ깮 而⑦듃濡?怨꾩빟[2m > [22m[2m?ъ깮 踰꾪듉 ?대┃ ??鍮꾨뵒?ㅻ? ?ъ깮?쒕떎
[22m[39m[XEG] [DEBUG] Language changed to: en

[90mstdout[2m | test/features/gallery/vertical-video-item.contract.test.tsx[2m > [22m[2mVerticalVideoItem Contract (TDD RED)[2m > [22m[2m?ъ깮 而⑦듃濡?怨꾩빟[2m > [22m[2m?쇱떆?뺤? 踰꾪듉 ?대┃ ??鍮꾨뵒?ㅻ? ?쇱떆?뺤??쒕떎
[22m[39m[XEG] [DEBUG] Language changed to: en

[90mstdout[2m | test/features/gallery/vertical-video-item.contract.test.tsx[2m > [22m[2mVerticalVideoItem Contract (TDD RED)[2m > [22m[2m?ㅻ낫???쒖뼱 怨꾩빟 (PC ?꾩슜)[2m > [22m[2m?ㅻ낫??Space濡??ъ깮/?쇱떆?뺤?瑜??좉??쒕떎
[22m[39m[XEG] [DEBUG] Language changed to: en

[90mstdout[2m | test/features/gallery/vertical-video-item.contract.test.tsx[2m > [22m[2mVerticalVideoItem Contract (TDD RED)[2m > [22m[2m?ㅻ낫???쒖뼱 怨꾩빟 (PC ?꾩슜)[2m > [22m[2mArrowUp/Down?쇰줈 蹂쇰ⅷ??議곗젅?쒕떎
[22m[39m[XEG] [DEBUG] Language changed to: en

[90mstdout[2m | test/features/gallery/vertical-video-item.contract.test.tsx[2m > [22m[2mVerticalVideoItem Contract (TDD RED)[2m > [22m[2m濡쒕뵫/?먮윭 ?곹깭 怨꾩빟[2m > [22m[2m濡쒕뵫 以??ㅽ뵾?덈? ?쒖떆?쒕떎
[22m[39m[XEG] [DEBUG] Language changed to: en

[90mstdout[2m | test/features/gallery/vertical-video-item.contract.test.tsx[2m > [22m[2mVerticalVideoItem Contract (TDD RED)[2m > [22m[2m濡쒕뵫/?먮윭 ?곹깭 怨꾩빟[2m > [22m[2m?먮윭 諛쒖깮 ???먮윭 硫붿떆吏瑜??쒖떆?쒕떎
[22m[39m[XEG] [DEBUG] Language changed to: en

[90mstdout[2m | test/features/gallery/vertical-video-item.contract.test.tsx[2m > [22m[2mVerticalVideoItem Contract (TDD RED)[2m > [22m[2m?낅젰 ?쒖빟 怨꾩빟 (PC ?꾩슜)[2m > [22m[2mTouch ?대깽?몃? ?ъ슜?섏? ?딅뒗??[22m[39m[XEG] [DEBUG] Language changed to: en

[90mstdout[2m | test/features/gallery/vertical-video-item.contract.test.tsx[2m > [22m[2mVerticalVideoItem Contract (TDD RED)[2m > [22m[2m?낅젰 ?쒖빟 怨꾩빟 (PC ?꾩슜)[2m > [22m[2mPointer ?대깽?몃? ?ъ슜?섏? ?딅뒗??[22m[39m[XEG] [DEBUG] Language changed to: en

[90mstdout[2m | test/features/gallery/vertical-video-item.contract.test.tsx[2m > [22m[2mVerticalVideoItem Contract (TDD RED)[2m > [22m[2m?붿옄???좏겙 怨꾩빟[2m > [22m[2m?섎뱶肄붾뵫???됱긽/?쒓컙/?댁쭠???ъ슜?섏? ?딅뒗??[22m[39m[XEG] [DEBUG] Language changed to: en

[90mstdout[2m | test/features/gallery/vertical-video-item.contract.test.tsx[2m > [22m[2mVerticalVideoItem Contract (TDD RED)[2m > [22m[2m吏꾪뻾諛?怨꾩빟[2m > [22m[2m吏꾪뻾諛붿뿉 ?꾩옱 ?쒓컙怨??꾩껜 ?쒓컙???쒖떆?쒕떎
[22m[39m[XEG] [DEBUG] Language changed to: en

[90mstdout[2m | test/features/gallery/vertical-video-item.contract.test.tsx[2m > [22m[2mVerticalVideoItem Contract (TDD RED)[2m > [22m[2m吏꾪뻾諛?怨꾩빟[2m > [22m[2m吏꾪뻾諛??대┃ ???대떦 ?꾩튂濡??대룞?쒕떎
[22m[39m[XEG] [DEBUG] Language changed to: en

 [31m??[39m test/features/gallery/vertical-video-item.contract.test.tsx [2m([22m[2m13 tests[22m[2m | [22m[31m3 failed[39m[2m)[22m[32m 273[2mms[22m[39m
   [32m??[39m VerticalVideoItem Contract (TDD RED)[2m > [22m?뚮뜑留?怨꾩빟[2m > [22m鍮꾨뵒??URL??二쇱뼱吏硫?video ?붿냼瑜??뚮뜑留곹븳??[32m 39[2mms[22m[39m
   [32m??[39m VerticalVideoItem Contract (TDD RED)[2m > [22m?뚮뜑留?怨꾩빟[2m > [22m鍮꾨뵒???붿냼???곸젅??ARIA ?띿꽦???ㅼ젙?쒕떎[32m 7[2mms[22m[39m
   [32m??[39m VerticalVideoItem Contract (TDD RED)[2m > [22m?ъ깮 而⑦듃濡?怨꾩빟[2m > [22m?ъ깮 踰꾪듉 ?대┃ ??鍮꾨뵒?ㅻ? ?ъ깮?쒕떎[32m 50[2mms[22m[39m
   [32m??[39m VerticalVideoItem Contract (TDD RED)[2m > [22m?ъ깮 而⑦듃濡?怨꾩빟[2m > [22m?쇱떆?뺤? 踰꾪듉 ?대┃ ??鍮꾨뵒?ㅻ? ?쇱떆?뺤??쒕떎[32m 17[2mms[22m[39m
   [32m??[39m VerticalVideoItem Contract (TDD RED)[2m > [22m?ㅻ낫???쒖뼱 怨꾩빟 (PC ?꾩슜)[2m > [22m?ㅻ낫??Space濡??ъ깮/?쇱떆?뺤?瑜??좉??쒕떎[32m 12[2mms[22m[39m
   [32m??[39m VerticalVideoItem Contract (TDD RED)[2m > [22m?ㅻ낫???쒖뼱 怨꾩빟 (PC ?꾩슜)[2m > [22mArrowUp/Down?쇰줈 蹂쇰ⅷ??議곗젅?쒕떎[32m 16[2mms[22m[39m
[31m   [31m횞[31m VerticalVideoItem Contract (TDD RED)[2m > [22m濡쒕뵫/?먮윭 ?곹깭 怨꾩빟[2m > [22m濡쒕뵫 以??ㅽ뵾?덈? ?쒖떆?쒕떎[39m[32m 16[2mms[22m[39m
[31m     ??expected null to be truthy[39m
   [32m??[39m VerticalVideoItem Contract (TDD RED)[2m > [22m濡쒕뵫/?먮윭 ?곹깭 怨꾩빟[2m > [22m?먮윭 諛쒖깮 ???먮윭 硫붿떆吏瑜??쒖떆?쒕떎[32m 16[2mms[22m[39m
   [32m??[39m VerticalVideoItem Contract (TDD RED)[2m > [22m?낅젰 ?쒖빟 怨꾩빟 (PC ?꾩슜)[2m > [22mTouch ?대깽?몃? ?ъ슜?섏? ?딅뒗??[32m 16[2mms[22m[39m
   [32m??[39m VerticalVideoItem Contract (TDD RED)[2m > [22m?낅젰 ?쒖빟 怨꾩빟 (PC ?꾩슜)[2m > [22mPointer ?대깽?몃? ?ъ슜?섏? ?딅뒗??[32m 12[2mms[22m[39m
[31m   [31m횞[31m VerticalVideoItem Contract (TDD RED)[2m > [22m?붿옄???좏겙 怨꾩빟[2m > [22m?섎뱶肄붾뵫???됱긽/?쒓컙/?댁쭠???ъ슜?섏? ?딅뒗??[39m[32m 44[2mms[22m[39m
[31m     ??expected '' to be true // Object.is equality[39m
   [32m??[39m VerticalVideoItem Contract (TDD RED)[2m > [22m吏꾪뻾諛?怨꾩빟[2m > [22m吏꾪뻾諛붿뿉 ?꾩옱 ?쒓컙怨??꾩껜 ?쒓컙???쒖떆?쒕떎[32m 10[2mms[22m[39m
[31m   [31m횞[31m VerticalVideoItem Contract (TDD RED)[2m > [22m吏꾪뻾諛?怨꾩빟[2m > [22m吏꾪뻾諛??대┃ ???대떦 ?꾩튂濡??대룞?쒕떎[39m[32m 16[2mms[22m[39m
[31m     ??Cannot set property offsetWidth of [object HTMLElement] which has only a getter[39m

??렞??렞??렞??[39m Failed Tests 3 ??렞??렞??렞??[39m

 FAIL  test/features/gallery/vertical-video-item.contract.test.tsx > VerticalVideoItem Contract (TDD RED) > 濡쒕뵫/?먮윭 ?곹깭 怨꾩빟 > 濡쒕뵫 以??ㅽ뵾?덈? ?쒖떆?쒕떎
AssertionError: expected null to be truthy

- Expected: 
true

+ Received: 
null

 ??[22m test/features/gallery/vertical-video-item.contract.test.tsx:221:23
    219| 
    220|       const spinner = container.querySelector('[data-testid="loading-s??    221|       expect(spinner).toBeTruthy();
       |                       ^
    222|     });
    223| 

??렞??렞??렞??렞??렞??렞??렞??렞??렞??렞??렞??렞[1/3]??[22m

 FAIL  test/features/gallery/vertical-video-item.contract.test.tsx > VerticalVideoItem Contract (TDD RED) > ?붿옄???좏겙 怨꾩빟 > ?섎뱶肄붾뵫???됱긽/?쒓컙/?댁쭠???ъ슜?섏? ?딅뒗??AssertionError: expected '' to be true // Object.is equality

- Expected: 
true

+ Received: 
""

 ??[22m forEach test/features/gallery/vertical-video-item.contract.test.tsx:338:36
    336|         // ?섎뱶肄붾뵫???덉쑝硫댁꽌 ?붿옄???좏겙???ъ슜?섏? ?딆쑝硫??ㅽ뙣
    337|         if (hasHardcodedColor) {
    338|           expect(usesDesignTokens).toBe(true);
       |                                    ^
    339|         }
    340|       });
 ??[22m test/features/gallery/vertical-video-item.contract.test.tsx:321:16

??렞??렞??렞??렞??렞??렞??렞??렞??렞??렞??렞??렞[2/3]??[22m

 FAIL  test/features/gallery/vertical-video-item.contract.test.tsx > VerticalVideoItem Contract (TDD RED) > 吏꾪뻾諛?怨꾩빟 > 吏꾪뻾諛??대┃ ???대떦 ?꾩튂濡??대룞?쒕떎
TypeError: Cannot set property offsetWidth of [object HTMLElement] which has only a getter
 ??[22m createEvent node_modules/@solidjs/testing-library/node_modules/@testing-library/dom/dist/events.js:54:10
 ??[22m Function.createEvent.<computed> [as click] node_modules/@solidjs/testing-library/node_modules/@testing-library/dom/dist/events.js:106:38
 ??[22m Function.click node_modules/@solidjs/testing-library/node_modules/@testing-library/dom/dist/events.js:110:68
 ??[22m test/features/gallery/vertical-video-item.contract.test.tsx:386:23
    384| 
    385|       // 吏꾪뻾諛붿쓽 50% ?꾩튂 ?대┃ (50珥덈줈 ?대룞)
    386|       await fireEvent.click(progressBar, { clientX: 250, target: { off??       |                       ^
    387| 
    388|       // currentTime????50珥덈줈 ?ㅼ젙?섏뼱????[39m

??렞??렞??렞??렞??렞??렞??렞??렞??렞??렞??렞??렞[3/3]??[22m


[2m Test Files [22m [1m[31m1 failed[39m[22m[90m (1)[39m
[2m      Tests [22m [1m[31m3 failed[39m[22m[2m | [22m[1m[32m10 passed[39m[22m[90m (13)[39m
[2m   Start at [22m 14:28:11
[2m   Duration [22m 2.38s[2m (transform 383ms, setup 400ms, collect 227ms, tests 273ms, environment 628ms, prepare 693ms)[22m

